openapi: 3.0.3
info:
  title: 'API#1488 has byte order mark and carriage return line feed'
  description: This API provides the capability.
  version: 4.1.0
  contact:
    name: Joe Bloggs
    email: joe.bloggs@example.com
  x-integration-catalogue:
    reviewed-date: 2022-04-22T20:27:05Z
    platform: CORE_IF
    publisher-reference: 1488
servers:
  - url: 'https://hostname'
    description: Actual environment values can be obtained
tags:
  - name: 'API#1488'
    description: This API provides the capability.
