openapi: 3.0.3
info:
  title: 'API#1808'
  description: >
    Lorem ipsum dolor sit amet, consectetur adipiscing elit, sed do eiusmod tempor incididunt ut labore et dolore magna aliqua.
  version: 1.0.0
  contact:
    name: Joe Bloggs
    email: joe.bloggs@example.com

  x-integration-catalogue:
    reviewed-date: 2022-04-22T20:27:05Z
    platform: CORE_IF
    publisher-reference: 1808
tags:
  - name: API#1808
    description: API description.
