openapi: 3.0.3
info:
  title: Store Document
  description: 'This is a generic interface for storing binary documents on an enterprise document storage facility, currently Electronic Folders.'
  version: 1.6.0
  contact:
    name: Wayne Morris
    email: wayne.morris@hmrc.gov.uk
  x-integration-catalogue:
    reviewed-date: 2022-04-22T20:27:05Z
    platform: CORE_IF
    publisher-reference: 1562
tags:
  - name: 'API#1562'
    description: API for storing a document.
